################################################################################
#                                                                              #
#      IAR Universal Linker V6.5.1.95                                          #
#                                                                              #
#           Link time     =  28/Jul/2018  11:28:09                             #
#           Target CPU    =  MSP430                                            #
#           List file     =  D:\MSP430F5529程序-单路\MSP430F5529Project\Projec #
#                            t\Debug\List\Project.map                          #
#           Output file 1 =  D:\MSP430F5529程序-单路\MSP430F5529Project\Projec #
#                            t\Debug\Exe\Project.d43                           #
#                            Format: ubrof10                                   #
#                            UBROF version 10.0.6                              #
#                            Using library modules for C-SPY (-rt)             #
#           Command line  =  -f                                                #
#                            C:\Users\张洲萌\AppData\Local\Temp\EWD96F.tmp     #
#                            (D:\MSP430F5529程序-单路\MSP430F5529Project\Proje #
#                            ct\Debug\Obj\bsp.r43                              #
#                            D:\MSP430F5529程序-单路\MSP430F5529Project\Projec #
#                            t\Debug\Obj\bsp_fdc2214.r43                       #
#                            D:\MSP430F5529程序-单路\MSP430F5529Project\Projec #
#                            t\Debug\Obj\bsp_iic.r43                           #
#                            D:\MSP430F5529程序-单路\MSP430F5529Project\Projec #
#                            t\Debug\Obj\bsp_sysclk.r43                        #
#                            D:\MSP430F5529程序-单路\MSP430F5529Project\Projec #
#                            t\Debug\Obj\bsp_uart.r43                          #
#                            D:\MSP430F5529程序-单路\MSP430F5529Project\Projec #
#                            t\Debug\Obj\main.r43                              #
#                            -o                                                #
#                            D:\MSP430F5529程序-单路\MSP430F5529Project\Projec #
#                            t\Debug\Exe\Project.d43                           #
#                            -l                                                #
#                            D:\MSP430F5529程序-单路\MSP430F5529Project\Projec #
#                            t\Debug\List\Project.map                          #
#                            -xms                                              #
#                            "-ID:\Program Files (x86)\IAR Systems\Embedded Wo #
#                            rkbench 8.0\430\LIB\"                             #
#                            -f                                                #
#                            "D:\Program Files (x86)\IAR Systems\Embedded Work #
#                            bench 8.0\430\config\linker\lnk430f5529.xcl"      #
#                            (-cmsp430 -D?CPU30_OFFSET=2 -QCODE_I=CODE_ID      #
#                            -QTLS16_I=TLS16_ID -D__iar_HWMUL=4C0              #
#                            -Z(CONST)INFO=1800-19FF                           #
#                            -Z(CONST)INFOA=1980-19FF                          #
#                            -Z(CONST)INFOB=1900-197F                          #
#                            -Z(CONST)INFOC=1880-18FF                          #
#                            -Z(CONST)INFOD=1800-187F                          #
#                            -Z(DATA)USBRAM=1C00-23FF                          #
#                            -Z(DATA)DATA16_I,DATA16_Z,DATA16_N,TLS16_I=2400-4 #
#                            3FF                                               #
#                            -Z(DATA)DATA16_HEAP+_DATA16_HEAP_SIZE             #
#                            -Z(DATA)CODE_I                                    #
#                            -Z(DATA)DATA20_I,DATA20_Z,DATA20_N,DATA20_HEAP+_D #
#                            ATA20_HEAP_SIZE                                   #
#                            -Z(DATA)CSTACK+_STACK_SIZE#                       #
#                            -Z(CONST)DATA16_C,DATA16_ID,TLS16_ID,DIFUNCT,CHEC #
#                            KSUM=4400-FF7F                                    #
#                            -Z(CODE)CSTART,ISR_CODE,CODE16=4400-FF7F          #
#                            -P(CODE)CODE=4400-FF7F,10000-243FF                #
#                            -Z(CONST)DATA20_C,DATA20_ID,CODE_ID=4400-FF7F,100 #
#                            40-243FF                                          #
#                            -Z(CODE)INTVEC=FF80-FFFF                          #
#                            -Z(CODE)RESET=FFFE-FFFF) -f                       #
#                            "D:\Program Files (x86)\IAR Systems\Embedded Work #
#                            bench 8.0\430\config\linker\multiplier32.xcl"     #
#                            (-e?Mul8Hw=?Mul8 -e?Mul16Hw=?Mul16                #
#                            -e?Mul16to32uHw=?Mul16to32u                       #
#                            -e?Mul16to32sHw=?Mul16to32s -e?Mul32Hw32=?Mul32   #
#                            -e?Mul64Hw32=_Mul64i                              #
#                            -e?Mul32u32uto64iHw32=_Mul32u32uto64i             #
#                            -e?Mul32fHw32=_Mul32f                             #
#                            -e_Mul64fHw32Ptr=_Mul64fPtr) -D_STACK_SIZE=A0     #
#                            -rt                                               #
#                            "D:\Program Files (x86)\IAR Systems\Embedded Work #
#                            bench 8.0\430\lib\dlib\dl430xlsfn.r43"            #
#                            -e_PrintfLarge=_Printf -e_ScanfLarge=_Scanf       #
#                            -D_DATA16_HEAP_SIZE=A0 -s __program_start         #
#                            -D_DATA20_HEAP_SIZE=50)                           #
#                                                                              #
#                           Copyright (C) 1987-2016 IAR Systems AB.            #
################################################################################





                ****************************************
                *                                      *
                *           CROSS REFERENCE            *
                *                                      *
                ****************************************

       Program entry at :           45D0  Relocatable, from module : ?cstart




                ****************************************
                *                                      *
                *            RUNTIME MODEL             *
                *                                      *
                ****************************************

  __Heap_Handler             = Basic
  __SystemLibrary            = DLib
  __code_model               = large
  __core                     = 430X
  __data_model               = small
  __dlib_file_descriptor     = 0
  __dlib_full_locale_support = 0
  __double_size              = 32
  __pic                      = no
  __reg_r4                   = free
  __reg_r5                   = free
  __rt_version               = 3

                ****************************************
                *                                      *
                *    AUTOMATIC SYMBOL REDIRECTIONS     *
                *                                      *
                ****************************************

                  There are no automatic symbol redirections.



                ****************************************
                *                                      *
                *              MODULE MAP              *
                *                                      *
                ****************************************


  DEFINED ABSOLUTE ENTRIES
    *************************************************************************

  DEFINED ABSOLUTE ENTRIES
  PROGRAM MODULE, NAME : ?ABS_ENTRY_MOD

Absolute parts
           ENTRY                   ADDRESS         REF BY
           =====                   =======         ======
           _DATA20_HEAP_SIZE       0050 
           _DATA16_HEAP_SIZE       00A0 
           _STACK_SIZE             00A0 
           __iar_HWMUL             04C0 
           ?CPU30_OFFSET           0002 
    *************************************************************************

  FILE NAME : D:\MSP430F5529程序-单路\MSP430F5529Project\Project\Debug\Obj\bsp.r43
  PROGRAM MODULE, NAME : bsp

  SEGMENTS IN THE MODULE
  ======================
<CODE> 1 (was CODE)
  Relative segment, address: 5A62 - 5A83 (0x22 bytes), align: 1
  Segment part 2.
           ENTRY                   ADDRESS         REF BY
           =====                   =======         ======
           bsp_Init                5A62            main (main)
               calls direct

    *************************************************************************

  FILE NAME : D:\MSP430F5529程序-单路\MSP430F5529Project\Project\Debug\Obj\bsp_fdc2214.r43
  PROGRAM MODULE, NAME : bsp_fdc2214

  SEGMENTS IN THE MODULE
  ======================
<CODE> 1 (was CODE)
  Relative segment, address: 56EA - 5739 (0x50 bytes), align: 1
  Segment part 2.             Intra module refs:   InitSinglefdc2214
           ENTRY                   ADDRESS         REF BY
           =====                   =======         ======
           WriteRegfdc2214         56EA 
               calls direct
    -------------------------------------------------------------------------
<CODE> 1 (was CODE)
  Relative segment, address: 569A - 56E9 (0x50 bytes), align: 1
  Segment part 3.
           ENTRY                   ADDRESS         REF BY
           =====                   =======         ======
           ReadRegfdc2214          569A            main (main)
               calls direct
    -------------------------------------------------------------------------
<CODE> 1 (was CODE)
  Relative segment, address: 578A - 57D7 (0x4e bytes), align: 1
  Segment part 4.
           ENTRY                   ADDRESS         REF BY
           =====                   =======         ======
           InitSinglefdc2214       578A            bsp_Init (bsp)
               calls direct

    *************************************************************************

  FILE NAME : D:\MSP430F5529程序-单路\MSP430F5529Project\Project\Debug\Obj\bsp_iic.r43
  PROGRAM MODULE, NAME : bsp_iic

  SEGMENTS IN THE MODULE
  ======================
DATA16_AN
  Relative segment, address: 0220 - 0221 (0x2 bytes), align: 0
  Segment part 1. ROOT        Intra module refs:   IIC_Read_Byte
                                                   IIC_Wait_Ack
           ENTRY                   ADDRESS         REF BY
           =====                   =======         ======
           _A_PBIN_L               0220 
           LOCAL                   ADDRESS         
           =====                   =======         
           PBIN                    0220 
           PBIN_H                  0221 
           PBIN_L                  0220 
    -------------------------------------------------------------------------
DATA16_AN
  Relative segment, address: 0222 - 0223 (0x2 bytes), align: 0
  Segment part 2. ROOT        Intra module refs:   IIC_Ack
                                                   IIC_Init
                                                   IIC_NAck
                                                   IIC_Read_Byte
                                                   IIC_Send_Byte
                                                   IIC_Start
                                                   IIC_Stop
                                                   IIC_Wait_Ack
                                                   write_cmd (main)
                                                   write_dat (main)
           ENTRY                   ADDRESS         REF BY
           =====                   =======         ======
           _A_PBOUT_L              0222 
           LOCAL                   ADDRESS         
           =====                   =======         
           PBOUT                   0222 
           PBOUT_H                 0223 
           PBOUT_L                 0222 
    -------------------------------------------------------------------------
DATA16_AN
  Relative segment, address: 0224 - 0225 (0x2 bytes), align: 0
  Segment part 3. ROOT        Intra module refs:   IIC_Ack
                                                   IIC_Init
                                                   IIC_NAck
                                                   IIC_Read_Byte
                                                   IIC_Send_Byte
                                                   IIC_Start
                                                   IIC_Stop
                                                   IIC_Wait_Ack
                                                   main (main)
           ENTRY                   ADDRESS         REF BY
           =====                   =======         ======
           _A_PBDIR_L              0224 
           LOCAL                   ADDRESS         
           =====                   =======         
           PBDIR                   0224 
           PBDIR_H                 0225 
           PBDIR_L                 0224 
    -------------------------------------------------------------------------
<CODE> 1 (was CODE)
  Relative segment, address: 5B26 - 5B35 (0x10 bytes), align: 1
  Segment part 5.
           ENTRY                   ADDRESS         REF BY
           =====                   =======         ======
           IIC_Init                5B26            bsp_Init (bsp)
    -------------------------------------------------------------------------
<CODE> 1 (was CODE)
  Relative segment, address: 5A3C - 5A61 (0x26 bytes), align: 1
  Segment part 6.
           ENTRY                   ADDRESS         REF BY
           =====                   =======         ======
           IIC_Start               5A3C            ReadRegfdc2214 (bsp_fdc2214)
                                                   WriteRegfdc2214 (bsp_fdc2214)
    -------------------------------------------------------------------------
<CODE> 1 (was CODE)
  Relative segment, address: 5A16 - 5A3B (0x26 bytes), align: 1
  Segment part 7.             Intra module refs:   IIC_Wait_Ack
           ENTRY                   ADDRESS         REF BY
           =====                   =======         ======
           IIC_Stop                5A16            ReadRegfdc2214 (bsp_fdc2214)
                                                   WriteRegfdc2214 (bsp_fdc2214)
    -------------------------------------------------------------------------
<CODE> 1 (was CODE)
  Relative segment, address: 58DE - 5915 (0x38 bytes), align: 1
  Segment part 8.
           ENTRY                   ADDRESS         REF BY
           =====                   =======         ======
           IIC_Wait_Ack            58DE            ReadRegfdc2214 (bsp_fdc2214)
                                                   WriteRegfdc2214 (bsp_fdc2214)
               calls direct
    -------------------------------------------------------------------------
<CODE> 1 (was CODE)
  Relative segment, address: 59CA - 59EF (0x26 bytes), align: 1
  Segment part 9.             Intra module refs:   IIC_Read_Byte
           ENTRY                   ADDRESS         REF BY
           =====                   =======         ======
           IIC_Ack                 59CA 
    -------------------------------------------------------------------------
<CODE> 1 (was CODE)
  Relative segment, address: 5A84 - 5AA5 (0x22 bytes), align: 1
  Segment part 10.            Intra module refs:   IIC_Read_Byte
           ENTRY                   ADDRESS         REF BY
           =====                   =======         ======
           IIC_NAck                5A84 
    -------------------------------------------------------------------------
<CODE> 1 (was CODE)
  Relative segment, address: 573A - 5789 (0x50 bytes), align: 1
  Segment part 11.
           ENTRY                   ADDRESS         REF BY
           =====                   =======         ======
           IIC_Send_Byte           573A            ReadRegfdc2214 (bsp_fdc2214)
                                                   WriteRegfdc2214 (bsp_fdc2214)
    -------------------------------------------------------------------------
<CODE> 1 (was CODE)
  Relative segment, address: 5820 - 5863 (0x44 bytes), align: 1
  Segment part 12.
           ENTRY                   ADDRESS         REF BY
           =====                   =======         ======
           IIC_Read_Byte           5820            ReadRegfdc2214 (bsp_fdc2214)
               calls direct

    *************************************************************************

  FILE NAME : D:\MSP430F5529程序-单路\MSP430F5529Project\Project\Debug\Obj\bsp_sysclk.r43
  PROGRAM MODULE, NAME : bsp_sysclk

  SEGMENTS IN THE MODULE
  ======================
DATA16_AN
  Relative segment, address: 024A - 024B (0x2 bytes), align: 0
  Segment part 1. ROOT        Intra module refs:   init_CLK
           ENTRY                   ADDRESS         REF BY
           =====                   =======         ======
           _A_PCSEL_L              024A 
           LOCAL                   ADDRESS         
           =====                   =======         
           PCSEL                   024A 
           PCSEL_H                 024B 
           PCSEL_L                 024A 
    -------------------------------------------------------------------------
DATA16_AN
  Relative segment, address: 0102 - 0103 (0x2 bytes), align: 0
  Segment part 2. ROOT        Intra module refs:   init_CLK
           ENTRY                   ADDRESS         REF BY
           =====                   =======         ======
           _A_SFRIFG1_L            0102 
           LOCAL                   ADDRESS         
           =====                   =======         
           SFRIFG1                 0102 
           SFRIFG1_H               0103 
           SFRIFG1_L               0102 
    -------------------------------------------------------------------------
DATA16_AN
  Relative segment, address: 0160 - 0161 (0x2 bytes), align: 0
  Segment part 3. ROOT        Intra module refs:   init_CLK
           ENTRY                   ADDRESS         REF BY
           =====                   =======         ======
           _A_UCSCTL0_L            0160 
           LOCAL                   ADDRESS         
           =====                   =======         
           UCSCTL0                 0160 
           UCSCTL0_H               0161 
           UCSCTL0_L               0160 
    -------------------------------------------------------------------------
DATA16_AN
  Relative segment, address: 0162 - 0163 (0x2 bytes), align: 0
  Segment part 4. ROOT        Intra module refs:   init_CLK
           ENTRY                   ADDRESS         REF BY
           =====                   =======         ======
           _A_UCSCTL1_L            0162 
           LOCAL                   ADDRESS         
           =====                   =======         
           UCSCTL1                 0162 
           UCSCTL1_H               0163 
           UCSCTL1_L               0162 
    -------------------------------------------------------------------------
DATA16_AN
  Relative segment, address: 0164 - 0165 (0x2 bytes), align: 0
  Segment part 5. ROOT        Intra module refs:   init_CLK
           ENTRY                   ADDRESS         REF BY
           =====                   =======         ======
           _A_UCSCTL2_L            0164 
           LOCAL                   ADDRESS         
           =====                   =======         
           UCSCTL2                 0164 
           UCSCTL2_H               0165 
           UCSCTL2_L               0164 
    -------------------------------------------------------------------------
DATA16_AN
  Relative segment, address: 0166 - 0167 (0x2 bytes), align: 0
  Segment part 6. ROOT        Intra module refs:   init_CLK
           ENTRY                   ADDRESS         REF BY
           =====                   =======         ======
           _A_UCSCTL3_L            0166 
           LOCAL                   ADDRESS         
           =====                   =======         
           UCSCTL3                 0166 
           UCSCTL3_H               0167 
           UCSCTL3_L               0166 
    -------------------------------------------------------------------------
DATA16_AN
  Relative segment, address: 0168 - 0169 (0x2 bytes), align: 0
  Segment part 7. ROOT        Intra module refs:   init_CLK
           ENTRY                   ADDRESS         REF BY
           =====                   =======         ======
           _A_UCSCTL4_L            0168 
           LOCAL                   ADDRESS         
           =====                   =======         
           UCSCTL4                 0168 
           UCSCTL4_H               0169 
           UCSCTL4_L               0168 
    -------------------------------------------------------------------------
DATA16_AN
  Relative segment, address: 016C - 016D (0x2 bytes), align: 0
  Segment part 8. ROOT        Intra module refs:   init_CLK
           ENTRY                   ADDRESS         REF BY
           =====                   =======         ======
           _A_UCSCTL6_L            016C 
           LOCAL                   ADDRESS         
           =====                   =======         
           UCSCTL6                 016C 
           UCSCTL6_H               016D 
           UCSCTL6_L               016C 
    -------------------------------------------------------------------------
DATA16_AN
  Relative segment, address: 016E - 016F (0x2 bytes), align: 0
  Segment part 9. ROOT        Intra module refs:   init_CLK
           ENTRY                   ADDRESS         REF BY
           =====                   =======         ======
           _A_UCSCTL7_L            016E 
           LOCAL                   ADDRESS         
           =====                   =======         
           UCSCTL7                 016E 
           UCSCTL7_H               016F 
           UCSCTL7_L               016E 
    -------------------------------------------------------------------------
<CODE> 1 (was CODE)
  Relative segment, address: 57D8 - 581F (0x48 bytes), align: 1
  Segment part 11.
           ENTRY                   ADDRESS         REF BY
           =====                   =======         ======
           init_CLK                57D8            bsp_Init (bsp)

    *************************************************************************

  FILE NAME : D:\MSP430F5529程序-单路\MSP430F5529Project\Project\Debug\Obj\bsp_uart.r43
  PROGRAM MODULE, NAME : bsp_uart

  SEGMENTS IN THE MODULE
  ======================
DATA16_AN
  Relative segment, address: 022A - 022B (0x2 bytes), align: 0
  Segment part 1. ROOT        Intra module refs:   UART_Init
           ENTRY                   ADDRESS         REF BY
           =====                   =======         ======
           _A_PBSEL_L              022A 
           LOCAL                   ADDRESS         
           =====                   =======         
           PBSEL                   022A 
           PBSEL_H                 022B 
           PBSEL_L                 022A 
    -------------------------------------------------------------------------
DATA16_AN
  Relative segment, address: 0600 - 0601 (0x2 bytes), align: 0
  Segment part 2. ROOT        Intra module refs:   UART_Init
           ENTRY                   ADDRESS         REF BY
           =====                   =======         ======
           _A_UCA1CTLW0_L          0600 
           LOCAL                   ADDRESS         
           =====                   =======         
           UCA1CTLW0               0600 
           UCA1CTLW0_H             0601 
           UCA1CTLW0_L             0600 
    -------------------------------------------------------------------------
DATA16_AN
  Relative segment, address: 0606 - 0607 (0x2 bytes), align: 0
  Segment part 3. ROOT        Intra module refs:   UART_Init
           ENTRY                   ADDRESS         REF BY
           =====                   =======         ======
           _A_UCA1BRW_L            0606 
           LOCAL                   ADDRESS         
           =====                   =======         
           UCA1BRW                 0606 
           UCA1BRW_H               0607 
           UCA1BRW_L               0606 
    -------------------------------------------------------------------------
DATA16_AN
  Relative segment, address: 0608 - 0608 (0x1 bytes), align: 0
  Segment part 4. ROOT        Intra module refs:   UART_Init
           ENTRY                   ADDRESS         REF BY
           =====                   =======         ======
           UCA1MCTL                0608 
    -------------------------------------------------------------------------
DATA16_AN
  Relative segment, address: 060C - 060C (0x1 bytes), align: 0
  Segment part 5. ROOT        Intra module refs:   UART_Ax_ISR
           ENTRY                   ADDRESS         REF BY
           =====                   =======         ======
           UCA1RXBUF               060C 
    -------------------------------------------------------------------------
DATA16_AN
  Relative segment, address: 060E - 060E (0x1 bytes), align: 0
  Segment part 6. ROOT        Intra module refs:   UART_Ax_ISR
           ENTRY                   ADDRESS         REF BY
           =====                   =======         ======
           UCA1TXBUF               060E 
    -------------------------------------------------------------------------
DATA16_AN
  Relative segment, address: 061C - 061D (0x2 bytes), align: 0
  Segment part 7. ROOT        Intra module refs:   UART_Ax_ISR
                                                   UART_Init
                                                   UART_PutChar
           ENTRY                   ADDRESS         REF BY
           =====                   =======         ======
           _A_UCA1ICTL_L           061C 
           LOCAL                   ADDRESS         
           =====                   =======         
           UCA1ICTL                061C 
           UCA1ICTL_H              061D 
           UCA1ICTL_L              061C 
    -------------------------------------------------------------------------
DATA16_AN
  Relative segment, address: 061E - 061F (0x2 bytes), align: 0
  Segment part 8. ROOT        Intra module refs:   UART_Ax_ISR
           ENTRY                   ADDRESS         REF BY
           =====                   =======         ======
           UCA1IV                  061E 
    -------------------------------------------------------------------------
DATA16_Z
  Relative segment, address: 25FC - 25FC (0x1 bytes), align: 0
  Segment part 14.            Intra module refs:   UART_PutChar
           ENTRY                   ADDRESS         REF BY
           =====                   =======         ======
           UART_SR                 25FC 
    -------------------------------------------------------------------------
DATA16_Z
  Relative segment, address: 25FD - 263C (0x40 bytes), align: 0
  Segment part 15.            Intra module refs:   UART_Ax_ISR
                                                   UART_PutChar
           ENTRY                   ADDRESS         REF BY
           =====                   =======         ======
           UART_TXBUF              25FD 
    -------------------------------------------------------------------------
DATA16_Z
  Relative segment, address: 263D - 264C (0x10 bytes), align: 0
  Segment part 16.            Intra module refs:   UART_Ax_ISR
           ENTRY                   ADDRESS         REF BY
           =====                   =======         ======
           UART_RXBUF              263D 
    -------------------------------------------------------------------------
DATA16_Z
  Relative segment, address: 264D - 264D (0x1 bytes), align: 0
  Segment part 17.            Intra module refs:   UART_Ax_ISR
           ENTRY                   ADDRESS         REF BY
           =====                   =======         ======
           UART_TXIndexR           264D 
    -------------------------------------------------------------------------
DATA16_Z
  Relative segment, address: 264E - 264E (0x1 bytes), align: 0
  Segment part 18.            Intra module refs:   UART_PutChar
           ENTRY                   ADDRESS         REF BY
           =====                   =======         ======
           UART_TXIndexW           264E 
    -------------------------------------------------------------------------
DATA16_Z
  Relative segment, address: 264F - 264F (0x1 bytes), align: 0
  Segment part 20.            Intra module refs:   UART_Ax_ISR
           ENTRY                   ADDRESS         REF BY
           =====                   =======         ======
           UART_RXIndexW           264F 
    -------------------------------------------------------------------------
DATA16_Z
  Relative segment, address: 2650 - 2650 (0x1 bytes), align: 0
  Segment part 21.            Intra module refs:   UART_Ax_ISR
                                                   UART_PutChar
           ENTRY                   ADDRESS         REF BY
           =====                   =======         ======
           UART_OutLen             2650 
    -------------------------------------------------------------------------
DATA16_Z
  Relative segment, address: 2651 - 2651 (0x1 bytes), align: 0
  Segment part 22.            Intra module refs:   UART_Ax_ISR
           ENTRY                   ADDRESS         REF BY
           =====                   =======         ======
           UART_InLen              2651 
    -------------------------------------------------------------------------
DATA16_C
  Relative segment, address: 4400 - 440F (0x10 bytes), align: 1
  Segment part 23.            Intra module refs:   UART_Init
           ENTRY                   ADDRESS         REF BY
           =====                   =======         ======
           UCBRS_Table             4400 
    -------------------------------------------------------------------------
<CODE> 1 (was CODE)
  Relative segment, address: 54F2 - 5647 (0x156 bytes), align: 1
  Segment part 26.
           ENTRY                   ADDRESS         REF BY
           =====                   =======         ======
           UART_Init               54F2            bsp_Init (bsp)
               calls direct
    -------------------------------------------------------------------------
<CODE> 1 (was CODE)
  Relative segment, address: 5648 - 5699 (0x52 bytes), align: 1
  Segment part 27.            Intra module refs:   putchar
           ENTRY                   ADDRESS         REF BY
           =====                   =======         ======
           UART_PutChar            5648 
    -------------------------------------------------------------------------
ISR_CODE
  Relative segment, address: 45F8 - 465D (0x66 bytes), align: 1
  Segment part 36.            Intra module refs:   UART_Ax_ISR::??INTVEC 92
           ENTRY                   ADDRESS         REF BY
           =====                   =======         ======
           UART_Ax_ISR             45F8 
               interrupt function
    -------------------------------------------------------------------------
<CODE> 1 (was CODE)
  Relative segment, address: 5AC8 - 5AE7 (0x20 bytes), align: 1
  Segment part 33.
           ENTRY                   ADDRESS         REF BY
           =====                   =======         ======
           putchar                 5AC8            Port2_ISR (main)
                                                   TIMER0_A0_ISR (main)
                                                   main (main)
               calls direct
    -------------------------------------------------------------------------
INTVEC
  Common segment, address: FF80 - FFDD (0x5e bytes), align: 1
  Segment part 9. ROOT 
           ENTRY                   ADDRESS         REF BY
           =====                   =======         ======
           UART_Ax_ISR::??INTVEC 92
                                   FFDC 

    *************************************************************************

  FILE NAME : D:\MSP430F5529程序-单路\MSP430F5529Project\Project\Debug\Obj\main.r43
  PROGRAM MODULE, NAME : main

  SEGMENTS IN THE MODULE
  ======================
DATA16_AN
  Relative segment, address: 0140 - 0141 (0x2 bytes), align: 0
  Segment part 1. ROOT        Intra module refs:   Port1_ISR
           ENTRY                   ADDRESS         REF BY
           =====                   =======         ======
           _A_FCTL1_L              0140 
           LOCAL                   ADDRESS         
           =====                   =======         
           FCTL1                   0140 
           FCTL1_H                 0141 
           FCTL1_L                 0140 
    -------------------------------------------------------------------------
DATA16_AN
  Relative segment, address: 0144 - 0145 (0x2 bytes), align: 0
  Segment part 2. ROOT        Intra module refs:   Port1_ISR
           ENTRY                   ADDRESS         REF BY
           =====                   =======         ======
           _A_FCTL3_L              0144 
           LOCAL                   ADDRESS         
           =====                   =======         
           FCTL3                   0144 
           FCTL3_H                 0145 
           FCTL3_L                 0144 
    -------------------------------------------------------------------------
DATA16_AN
  Relative segment, address: 0202 - 0203 (0x2 bytes), align: 0
  Segment part 3. ROOT        Intra module refs:   init_port
                                                   write_cmd
                                                   write_dat
           ENTRY                   ADDRESS         REF BY
           =====                   =======         ======
           _A_PAOUT_L              0202 
           LOCAL                   ADDRESS         
           =====                   =======         
           PAOUT                   0202 
           PAOUT_H                 0203 
           PAOUT_L                 0202 
    -------------------------------------------------------------------------
DATA16_AN
  Relative segment, address: 0204 - 0205 (0x2 bytes), align: 0
  Segment part 4. ROOT        Intra module refs:   init_port
                                                   main
           ENTRY                   ADDRESS         REF BY
           =====                   =======         ======
           _A_PADIR_L              0204 
           LOCAL                   ADDRESS         
           =====                   =======         
           PADIR                   0204 
           PADIR_H                 0205 
           PADIR_L                 0204 
    -------------------------------------------------------------------------
DATA16_AN
  Relative segment, address: 0206 - 0207 (0x2 bytes), align: 0
  Segment part 5. ROOT        Intra module refs:   init_port
           ENTRY                   ADDRESS         REF BY
           =====                   =======         ======
           _A_PAREN_L              0206 
           LOCAL                   ADDRESS         
           =====                   =======         
           PAREN                   0206 
           PAREN_H                 0207 
           PAREN_L                 0206 
    -------------------------------------------------------------------------
DATA16_AN
  Relative segment, address: 0218 - 0219 (0x2 bytes), align: 0
  Segment part 6. ROOT        Intra module refs:   init_port
           ENTRY                   ADDRESS         REF BY
           =====                   =======         ======
           _A_PAIES_L              0218 
           LOCAL                   ADDRESS         
           =====                   =======         
           PAIES                   0218 
           PAIES_H                 0219 
           PAIES_L                 0218 
    -------------------------------------------------------------------------
DATA16_AN
  Relative segment, address: 021A - 021B (0x2 bytes), align: 0
  Segment part 7. ROOT        Intra module refs:   init_port
           ENTRY                   ADDRESS         REF BY
           =====                   =======         ======
           _A_PAIE_L               021A 
           LOCAL                   ADDRESS         
           =====                   =======         
           PAIE                    021A 
           PAIE_H                  021B 
           PAIE_L                  021A 
    -------------------------------------------------------------------------
DATA16_AN
  Relative segment, address: 021C - 021D (0x2 bytes), align: 0
  Segment part 8. ROOT        Intra module refs:   Port1_ISR
                                                   Port2_ISR
                                                   init_port
           ENTRY                   ADDRESS         REF BY
           =====                   =======         ======
           _A_PAIFG_L              021C 
           LOCAL                   ADDRESS         
           =====                   =======         
           PAIFG                   021C 
           PAIFG_H                 021D 
           PAIFG_L                 021C 
    -------------------------------------------------------------------------
DATA16_AN
  Relative segment, address: 0340 - 0341 (0x2 bytes), align: 0
  Segment part 11. ROOT       Intra module refs:   main
           ENTRY                   ADDRESS         REF BY
           =====                   =======         ======
           TA0CTL                  0340 
    -------------------------------------------------------------------------
DATA16_AN
  Relative segment, address: 0350 - 0351 (0x2 bytes), align: 0
  Segment part 12. ROOT       Intra module refs:   TIMER0_A0_ISR
                                                   main
           ENTRY                   ADDRESS         REF BY
           =====                   =======         ======
           TA0R                    0350 
    -------------------------------------------------------------------------
DATA16_AN
  Relative segment, address: 036E - 036F (0x2 bytes), align: 0
  Segment part 13. ROOT       Intra module refs:   TIMER0_A0_ISR
           ENTRY                   ADDRESS         REF BY
           =====                   =======         ======
           TA0IV                   036E 
    -------------------------------------------------------------------------
DATA16_AN
  Relative segment, address: 015C - 015D (0x2 bytes), align: 0
  Segment part 14. ROOT       Intra module refs:   main
           ENTRY                   ADDRESS         REF BY
           =====                   =======         ======
           _A_WDTCTL_L             015C 
           LOCAL                   ADDRESS         
           =====                   =======         
           WDTCTL                  015C 
           WDTCTL_H                015D 
           WDTCTL_L                015C 
    -------------------------------------------------------------------------
DATA16_Z
  Relative segment, address: 25C0 - 25C1 (0x2 bytes), align: 1
  Segment part 19.            Intra module refs:   Port1_ISR
                                                   Port2_ISR
                                                   TIMER0_A0_ISR
           ENTRY                   ADDRESS         REF BY
           =====                   =======         ======
           kong                    25C0 
    -------------------------------------------------------------------------
DATA16_Z
  Relative segment, address: 25C2 - 25C3 (0x2 bytes), align: 1
  Segment part 20.            Intra module refs:   Port1_ISR
                                                   Port2_ISR
                                                   TIMER0_A0_ISR
           ENTRY                   ADDRESS         REF BY
           =====                   =======         ======
           jiandao                 25C2 
    -------------------------------------------------------------------------
DATA16_Z
  Relative segment, address: 25C4 - 25C5 (0x2 bytes), align: 1
  Segment part 21.            Intra module refs:   Port1_ISR
                                                   Port2_ISR
                                                   TIMER0_A0_ISR
           ENTRY                   ADDRESS         REF BY
           =====                   =======         ======
           shitou                  25C4 
    -------------------------------------------------------------------------
DATA16_Z
  Relative segment, address: 25C6 - 25C7 (0x2 bytes), align: 1
  Segment part 22.            Intra module refs:   Port1_ISR
                                                   Port2_ISR
                                                   TIMER0_A0_ISR
           ENTRY                   ADDRESS         REF BY
           =====                   =======         ======
           bu                      25C6 
    -------------------------------------------------------------------------
DATA16_Z
  Relative segment, address: 25C8 - 25C9 (0x2 bytes), align: 1
  Segment part 23.            Intra module refs:   Port1_ISR
                                                   Port2_ISR
                                                   TIMER0_A0_ISR
           ENTRY                   ADDRESS         REF BY
           =====                   =======         ======
           one                     25C8 
    -------------------------------------------------------------------------
DATA16_Z
  Relative segment, address: 25CA - 25CB (0x2 bytes), align: 1
  Segment part 24.            Intra module refs:   Port1_ISR
                                                   Port2_ISR
                                                   TIMER0_A0_ISR
           ENTRY                   ADDRESS         REF BY
           =====                   =======         ======
           two                     25CA 
    -------------------------------------------------------------------------
DATA16_Z
  Relative segment, address: 25CC - 25CD (0x2 bytes), align: 1
  Segment part 25.            Intra module refs:   Port1_ISR
                                                   Port2_ISR
                                                   TIMER0_A0_ISR
           ENTRY                   ADDRESS         REF BY
           =====                   =======         ======
           three                   25CC 
    -------------------------------------------------------------------------
DATA16_Z
  Relative segment, address: 25CE - 25CF (0x2 bytes), align: 1
  Segment part 26.            Intra module refs:   Port1_ISR
                                                   Port2_ISR
                                                   TIMER0_A0_ISR
           ENTRY                   ADDRESS         REF BY
           =====                   =======         ======
           four                    25CE 
    -------------------------------------------------------------------------
DATA16_Z
  Relative segment, address: 25D0 - 25D1 (0x2 bytes), align: 1
  Segment part 27.            Intra module refs:   Port1_ISR
                                                   Port2_ISR
                                                   TIMER0_A0_ISR
           ENTRY                   ADDRESS         REF BY
           =====                   =======         ======
           five                    25D0 
    -------------------------------------------------------------------------
DATA16_Z
  Relative segment, address: 2652 - 2652 (0x1 bytes), align: 0
  Segment part 28.            Intra module refs:   TIMER0_A0_ISR
           ENTRY                   ADDRESS         REF BY
           =====                   =======         ======
           spkshitou               2652 
    -------------------------------------------------------------------------
DATA16_Z
  Relative segment, address: 2653 - 2653 (0x1 bytes), align: 0
  Segment part 29.            Intra module refs:   TIMER0_A0_ISR
           ENTRY                   ADDRESS         REF BY
           =====                   =======         ======
           spkjiandao              2653 
    -------------------------------------------------------------------------
DATA16_Z
  Relative segment, address: 2654 - 2654 (0x1 bytes), align: 0
  Segment part 30.            Intra module refs:   TIMER0_A0_ISR
           ENTRY                   ADDRESS         REF BY
           =====                   =======         ======
           spkbu                   2654 
    -------------------------------------------------------------------------
DATA16_Z
  Relative segment, address: 2655 - 2655 (0x1 bytes), align: 0
  Segment part 31.            Intra module refs:   TIMER0_A0_ISR
           ENTRY                   ADDRESS         REF BY
           =====                   =======         ======
           spkone                  2655 
    -------------------------------------------------------------------------
DATA16_Z
  Relative segment, address: 2656 - 2656 (0x1 bytes), align: 0
  Segment part 32.            Intra module refs:   TIMER0_A0_ISR
           ENTRY                   ADDRESS         REF BY
           =====                   =======         ======
           spktwo                  2656 
    -------------------------------------------------------------------------
DATA16_Z
  Relative segment, address: 2657 - 2657 (0x1 bytes), align: 0
  Segment part 33.            Intra module refs:   TIMER0_A0_ISR
           ENTRY                   ADDRESS         REF BY
           =====                   =======         ======
           spkthree                2657 
    -------------------------------------------------------------------------
DATA16_Z
  Relative segment, address: 2658 - 2658 (0x1 bytes), align: 0
  Segment part 34.            Intra module refs:   TIMER0_A0_ISR
           ENTRY                   ADDRESS         REF BY
           =====                   =======         ======
           spkfour                 2658 
    -------------------------------------------------------------------------
DATA16_Z
  Relative segment, address: 2659 - 2659 (0x1 bytes), align: 0
  Segment part 35.            Intra module refs:   TIMER0_A0_ISR
           ENTRY                   ADDRESS         REF BY
           =====                   =======         ======
           spkfive                 2659 
    -------------------------------------------------------------------------
DATA16_Z
  Relative segment, address: 265A - 265A (0x1 bytes), align: 0
  Segment part 36.            Intra module refs:   Port1_ISR
           ENTRY                   ADDRESS         REF BY
           =====                   =======         ======
           P11num                  265A 
    -------------------------------------------------------------------------
DATA16_Z
  Relative segment, address: 265B - 265B (0x1 bytes), align: 0
  Segment part 37.            Intra module refs:   Port1_ISR
           ENTRY                   ADDRESS         REF BY
           =====                   =======         ======
           P11num1                 265B 
    -------------------------------------------------------------------------
DATA16_I
  Relative segment, address: 2400 - 2410 (0x11 bytes), align: 0
  Segment part 38.            Intra module refs:   Port2_ISR
           ENTRY                   ADDRESS         REF BY
           =====                   =======         ======
           taba                    2400 
    -------------------------------------------------------------------------
DATA16_I
  Relative segment, address: 2411 - 2421 (0x11 bytes), align: 0
  Segment part 40.            Intra module refs:   Port2_ISR
           ENTRY                   ADDRESS         REF BY
           =====                   =======         ======
           tabb                    2411 
    -------------------------------------------------------------------------
DATA16_I
  Relative segment, address: 2422 - 2432 (0x11 bytes), align: 0
  Segment part 42.            Intra module refs:   Port2_ISR
           ENTRY                   ADDRESS         REF BY
           =====                   =======         ======
           tabc                    2422 
    -------------------------------------------------------------------------
DATA16_I
  Relative segment, address: 2433 - 2443 (0x11 bytes), align: 0
  Segment part 44.            Intra module refs:   Port2_ISR
           ENTRY                   ADDRESS         REF BY
           =====                   =======         ======
           tabd                    2433 
    -------------------------------------------------------------------------
DATA16_I
  Relative segment, address: 2444 - 2454 (0x11 bytes), align: 0
  Segment part 46.            Intra module refs:   TIMER0_A0_ISR
           ENTRY                   ADDRESS         REF BY
           =====                   =======         ======
           tabkong                 2444 
    -------------------------------------------------------------------------
DATA16_I
  Relative segment, address: 2455 - 2465 (0x11 bytes), align: 0
  Segment part 48.            Intra module refs:   TIMER0_A0_ISR
           ENTRY                   ADDRESS         REF BY
           =====                   =======         ======
           tab2                    2455 
    -------------------------------------------------------------------------
DATA16_I
  Relative segment, address: 2466 - 2476 (0x11 bytes), align: 0
  Segment part 50.            Intra module refs:   TIMER0_A0_ISR
           ENTRY                   ADDRESS         REF BY
           =====                   =======         ======
           tab3                    2466 
    -------------------------------------------------------------------------
DATA16_I
  Relative segment, address: 2477 - 2487 (0x11 bytes), align: 0
  Segment part 52.            Intra module refs:   TIMER0_A0_ISR
           ENTRY                   ADDRESS         REF BY
           =====                   =======         ======
           tab4                    2477 
    -------------------------------------------------------------------------
DATA16_I
  Relative segment, address: 2488 - 2498 (0x11 bytes), align: 0
  Segment part 54.            Intra module refs:   Port1_ISR
           ENTRY                   ADDRESS         REF BY
           =====                   =======         ======
           tabshitou               2488 
    -------------------------------------------------------------------------
DATA16_I
  Relative segment, address: 2499 - 24A9 (0x11 bytes), align: 0
  Segment part 56.            Intra module refs:   Port1_ISR
           ENTRY                   ADDRESS         REF BY
           =====                   =======         ======
           tabjiandao              2499 
    -------------------------------------------------------------------------
DATA16_I
  Relative segment, address: 24AA - 24BA (0x11 bytes), align: 0
  Segment part 58.            Intra module refs:   Port1_ISR
           ENTRY                   ADDRESS         REF BY
           =====                   =======         ======
           tabbu                   24AA 
    -------------------------------------------------------------------------
DATA16_I
  Relative segment, address: 24BB - 24CB (0x11 bytes), align: 0
  Segment part 60.            Intra module refs:   Port1_ISR
           ENTRY                   ADDRESS         REF BY
           =====                   =======         ======
           tabend                  24BB 
    -------------------------------------------------------------------------
DATA16_I
  Relative segment, address: 24CC - 24DC (0x11 bytes), align: 0
  Segment part 62.            Intra module refs:   Port1_ISR
           ENTRY                   ADDRESS         REF BY
           =====                   =======         ======
           tabend1                 24CC 
    -------------------------------------------------------------------------
DATA16_I
  Relative segment, address: 24DD - 24ED (0x11 bytes), align: 0
  Segment part 64.            Intra module refs:   Port2_ISR
           ENTRY                   ADDRESS         REF BY
           =====                   =======         ======
           tabinit                 24DD 
    -------------------------------------------------------------------------
DATA16_I
  Relative segment, address: 24EE - 24FE (0x11 bytes), align: 0
  Segment part 66.            Intra module refs:   TIMER0_A0_ISR
           ENTRY                   ADDRESS         REF BY
           =====                   =======         ======
           tabone                  24EE 
    -------------------------------------------------------------------------
DATA16_I
  Relative segment, address: 24FF - 250F (0x11 bytes), align: 0
  Segment part 68.            Intra module refs:   TIMER0_A0_ISR
           ENTRY                   ADDRESS         REF BY
           =====                   =======         ======
           tabtwo                  24FF 
    -------------------------------------------------------------------------
DATA16_I
  Relative segment, address: 2510 - 2520 (0x11 bytes), align: 0
  Segment part 70.            Intra module refs:   TIMER0_A0_ISR
           ENTRY                   ADDRESS         REF BY
           =====                   =======         ======
           tabthree                2510 
    -------------------------------------------------------------------------
DATA16_I
  Relative segment, address: 2521 - 2531 (0x11 bytes), align: 0
  Segment part 72.            Intra module refs:   TIMER0_A0_ISR
           ENTRY                   ADDRESS         REF BY
           =====                   =======         ======
           tabfour                 2521 
    -------------------------------------------------------------------------
DATA16_I
  Relative segment, address: 2532 - 2542 (0x11 bytes), align: 0
  Segment part 74.            Intra module refs:   TIMER0_A0_ISR
           ENTRY                   ADDRESS         REF BY
           =====                   =======         ======
           tabfive                 2532 
    -------------------------------------------------------------------------
DATA16_I
  Relative segment, address: 2543 - 2553 (0x11 bytes), align: 0
  Segment part 76.            Intra module refs:   Port1_ISR
           ENTRY                   ADDRESS         REF BY
           =====                   =======         ======
           tablearnone             2543 
    -------------------------------------------------------------------------
DATA16_I
  Relative segment, address: 2554 - 2564 (0x11 bytes), align: 0
  Segment part 78.            Intra module refs:   Port1_ISR
           ENTRY                   ADDRESS         REF BY
           =====                   =======         ======
           tablearntwo             2554 
    -------------------------------------------------------------------------
DATA16_I
  Relative segment, address: 2565 - 2575 (0x11 bytes), align: 0
  Segment part 80.            Intra module refs:   Port1_ISR
           ENTRY                   ADDRESS         REF BY
           =====                   =======         ======
           tablearnthree           2565 
    -------------------------------------------------------------------------
DATA16_I
  Relative segment, address: 2576 - 2586 (0x11 bytes), align: 0
  Segment part 82.            Intra module refs:   Port1_ISR
           ENTRY                   ADDRESS         REF BY
           =====                   =======         ======
           tablearnfour            2576 
    -------------------------------------------------------------------------
DATA16_I
  Relative segment, address: 2587 - 2597 (0x11 bytes), align: 0
  Segment part 84.            Intra module refs:   Port1_ISR
           ENTRY                   ADDRESS         REF BY
           =====                   =======         ======
           tablearnfive            2587 
    -------------------------------------------------------------------------
DATA16_I
  Relative segment, address: 2598 - 25A8 (0x11 bytes), align: 0
  Segment part 86.            Intra module refs:   Port2_ISR
           ENTRY                   ADDRESS         REF BY
           =====                   =======         ======
           tabledata               2598 
    -------------------------------------------------------------------------
DATA16_I
  Relative segment, address: 25A9 - 25B1 (0x9 bytes), align: 0
  Segment part 88.            Intra module refs:   main
           ENTRY                   ADDRESS         REF BY
           =====                   =======         ======
           welcome0                25A9 
    -------------------------------------------------------------------------
DATA16_I
  Relative segment, address: 25B2 - 25BE (0xd bytes), align: 0
  Segment part 90.            Intra module refs:   main
           ENTRY                   ADDRESS         REF BY
           =====                   =======         ======
           welcome1                25B2 
    -------------------------------------------------------------------------
DATA16_Z
  Relative segment, address: 265C - 265C (0x1 bytes), align: 0
  Segment part 92.            Intra module refs:   Port1_ISR
                                                   Port2_ISR
                                                   TIMER0_A0_ISR
           ENTRY                   ADDRESS         REF BY
           =====                   =======         ======
           mode                    265C 
    -------------------------------------------------------------------------
DATA16_Z
  Relative segment, address: 25D2 - 25D5 (0x4 bytes), align: 1
  Segment part 93.            Intra module refs:   Port1_ISR
                                                   TIMER0_A0_ISR
                                                   main
           ENTRY                   ADDRESS         REF BY
           =====                   =======         ======
           temp                    25D2 
    -------------------------------------------------------------------------
DATA16_Z
  Relative segment, address: 25D6 - 25D9 (0x4 bytes), align: 1
  Segment part 94.            Intra module refs:   main
           ENTRY                   ADDRESS         REF BY
           =====                   =======         ======
           temp1                   25D6 
    -------------------------------------------------------------------------
DATA16_Z
  Relative segment, address: 25DA - 25DD (0x4 bytes), align: 1
  Segment part 95.            Intra module refs:   main
           ENTRY                   ADDRESS         REF BY
           =====                   =======         ======
           temp2                   25DA 
    -------------------------------------------------------------------------
DATA16_Z
  Relative segment, address: 25DE - 25E1 (0x4 bytes), align: 1
  Segment part 96.            Intra module refs:   main
           ENTRY                   ADDRESS         REF BY
           =====                   =======         ======
           tempand                 25DE 
    -------------------------------------------------------------------------
DATA16_Z
  Relative segment, address: 25E2 - 25F9 (0x18 bytes), align: 1
  Segment part 97.            Intra module refs:   main
           ENTRY                   ADDRESS         REF BY
           =====                   =======         ======
           tem                     25E2 
    -------------------------------------------------------------------------
DATA16_Z
  Relative segment, address: 25FA - 25FB (0x2 bytes), align: 1
  Segment part 98.            Intra module refs:   Port1_ISR
                                                   Port2_ISR
           ENTRY                   ADDRESS         REF BY
           =====                   =======         ======
           pFlash                  25FA 
    -------------------------------------------------------------------------
DATA16_Z
  Relative segment, address: 265D - 265D (0x1 bytes), align: 0
  Segment part 99.            Intra module refs:   TIMER0_A0_ISR
           ENTRY                   ADDRESS         REF BY
           =====                   =======         ======
           kongstate               265D 
    -------------------------------------------------------------------------
<CODE> 1 (was CODE)
  Relative segment, address: 5B46 - 5B53 (0xe bytes), align: 1
  Segment part 100.           Intra module refs:   LCD_init
                                                   write_cmd
                                                   write_dat
           ENTRY                   ADDRESS         REF BY
           =====                   =======         ======
           delay5ms                5B46 
    -------------------------------------------------------------------------
<CODE> 1 (was CODE)
  Relative segment, address: 59A4 - 59C9 (0x26 bytes), align: 1
  Segment part 101.           Intra module refs:   LCD_init
                                                   lcd_pos
           ENTRY                   ADDRESS         REF BY
           =====                   =======         ======
           write_cmd               59A4 
               calls direct
    -------------------------------------------------------------------------
<CODE> 1 (was CODE)
  Relative segment, address: 59F0 - 5A15 (0x26 bytes), align: 1
  Segment part 102.           Intra module refs:   Port1_ISR
                                                   Port2_ISR
                                                   TIMER0_A0_ISR
                                                   main
           ENTRY                   ADDRESS         REF BY
           =====                   =======         ======
           write_dat               59F0 
               calls direct
    -------------------------------------------------------------------------
<CODE> 1 (was CODE)
  Relative segment, address: 5976 - 59A3 (0x2e bytes), align: 1
  Segment part 103.           Intra module refs:   Port1_ISR
                                                   Port2_ISR
                                                   TIMER0_A0_ISR
                                                   main
           ENTRY                   ADDRESS         REF BY
           =====                   =======         ======
           lcd_pos                 5976 
               calls direct
    -------------------------------------------------------------------------
<CODE> 1 (was CODE)
  Relative segment, address: 5AA6 - 5AC7 (0x22 bytes), align: 1
  Segment part 104.           Intra module refs:   main
           ENTRY                   ADDRESS         REF BY
           =====                   =======         ======
           LCD_init                5AA6 
               calls direct
    -------------------------------------------------------------------------
<CODE> 1 (was CODE)
  Relative segment, address: 58A4 - 58DD (0x3a bytes), align: 1
  Segment part 105.           Intra module refs:   main
           ENTRY                   ADDRESS         REF BY
           =====                   =======         ======
           init_port               58A4 
    -------------------------------------------------------------------------
ISR_CODE
  Relative segment, address: 465E - 491B (0x2be bytes), align: 1
  Segment part 107.           Intra module refs:   Port2_ISR::??INTVEC 84
           ENTRY                   ADDRESS         REF BY
           =====                   =======         ======
           Port2_ISR               465E 
               interrupt function
               calls direct
    -------------------------------------------------------------------------
ISR_CODE
  Relative segment, address: 491C - 4C31 (0x316 bytes), align: 1
  Segment part 108.           Intra module refs:   Port1_ISR::??INTVEC 94
           ENTRY                   ADDRESS         REF BY
           =====                   =======         ======
           Port1_ISR               491C 
               interrupt function
               calls direct
    -------------------------------------------------------------------------
ISR_CODE
  Relative segment, address: 4C32 - 5327 (0x6f6 bytes), align: 1
  Segment part 109.           Intra module refs:   TIMER0_A0_ISR::??INTVEC 104
           ENTRY                   ADDRESS         REF BY
           =====                   =======         ======
           TIMER0_A0_ISR           4C32 
               interrupt function
               calls direct
    -------------------------------------------------------------------------
<CODE> 1 (was CODE)
  Relative segment, address: 5328 - 54F1 (0x1ca bytes), align: 1
  Segment part 106.
           ENTRY                   ADDRESS         REF BY
           =====                   =======         ======
           main                    5328            Segment part 27 (?cstart)
               calls direct
    -------------------------------------------------------------------------
INTVEC
  Common segment, address: FF80 - FFD5 (0x56 bytes), align: 1
  Segment part 15. ROOT 
           ENTRY                   ADDRESS         REF BY
           =====                   =======         ======
           Port2_ISR::??INTVEC 84
                                   FFD4 
    -------------------------------------------------------------------------
INTVEC
  Common segment, address: FF80 - FFDF (0x60 bytes), align: 1
  Segment part 16. ROOT 
           ENTRY                   ADDRESS         REF BY
           =====                   =======         ======
           Port1_ISR::??INTVEC 94
                                   FFDE 
    -------------------------------------------------------------------------
INTVEC
  Common segment, address: FF80 - FFE9 (0x6a bytes), align: 1
  Segment part 17. ROOT 
           ENTRY                   ADDRESS         REF BY
           =====                   =======         ======
           TIMER0_A0_ISR::??INTVEC 104
                                   FFE8 
    -------------------------------------------------------------------------
DATA16_ID
  Relative segment, address: 4410 - 4420 (0x11 bytes), align: 0
  Segment part 39.            Intra module refs:   taba
    -------------------------------------------------------------------------
DATA16_ID
  Relative segment, address: 4421 - 4431 (0x11 bytes), align: 0
  Segment part 41.            Intra module refs:   tabb
    -------------------------------------------------------------------------
DATA16_ID
  Relative segment, address: 4432 - 4442 (0x11 bytes), align: 0
  Segment part 43.            Intra module refs:   tabc
    -------------------------------------------------------------------------
DATA16_ID
  Relative segment, address: 4443 - 4453 (0x11 bytes), align: 0
  Segment part 45.            Intra module refs:   tabd
    -------------------------------------------------------------------------
DATA16_ID
  Relative segment, address: 4454 - 4464 (0x11 bytes), align: 0
  Segment part 47.            Intra module refs:   tabkong
    -------------------------------------------------------------------------
DATA16_ID
  Relative segment, address: 4465 - 4475 (0x11 bytes), align: 0
  Segment part 49.            Intra module refs:   tab2
    -------------------------------------------------------------------------
DATA16_ID
  Relative segment, address: 4476 - 4486 (0x11 bytes), align: 0
  Segment part 51.            Intra module refs:   tab3
    -------------------------------------------------------------------------
DATA16_ID
  Relative segment, address: 4487 - 4497 (0x11 bytes), align: 0
  Segment part 53.            Intra module refs:   tab4
    -------------------------------------------------------------------------
DATA16_ID
  Relative segment, address: 4498 - 44A8 (0x11 bytes), align: 0
  Segment part 55.            Intra module refs:   tabshitou
    -------------------------------------------------------------------------
DATA16_ID
  Relative segment, address: 44A9 - 44B9 (0x11 bytes), align: 0
  Segment part 57.            Intra module refs:   tabjiandao
    -------------------------------------------------------------------------
DATA16_ID
  Relative segment, address: 44BA - 44CA (0x11 bytes), align: 0
  Segment part 59.            Intra module refs:   tabbu
    -------------------------------------------------------------------------
DATA16_ID
  Relative segment, address: 44CB - 44DB (0x11 bytes), align: 0
  Segment part 61.            Intra module refs:   tabend
    -------------------------------------------------------------------------
DATA16_ID
  Relative segment, address: 44DC - 44EC (0x11 bytes), align: 0
  Segment part 63.            Intra module refs:   tabend1
    -------------------------------------------------------------------------
DATA16_ID
  Relative segment, address: 44ED - 44FD (0x11 bytes), align: 0
  Segment part 65.            Intra module refs:   tabinit
    -------------------------------------------------------------------------
DATA16_ID
  Relative segment, address: 44FE - 450E (0x11 bytes), align: 0
  Segment part 67.            Intra module refs:   tabone
    -------------------------------------------------------------------------
DATA16_ID
  Relative segment, address: 450F - 451F (0x11 bytes), align: 0
  Segment part 69.            Intra module refs:   tabtwo
    -------------------------------------------------------------------------
DATA16_ID
  Relative segment, address: 4520 - 4530 (0x11 bytes), align: 0
  Segment part 71.            Intra module refs:   tabthree
    -------------------------------------------------------------------------
DATA16_ID
  Relative segment, address: 4531 - 4541 (0x11 bytes), align: 0
  Segment part 73.            Intra module refs:   tabfour
    -------------------------------------------------------------------------
DATA16_ID
  Relative segment, address: 4542 - 4552 (0x11 bytes), align: 0
  Segment part 75.            Intra module refs:   tabfive
    -------------------------------------------------------------------------
DATA16_ID
  Relative segment, address: 4553 - 4563 (0x11 bytes), align: 0
  Segment part 77.            Intra module refs:   tablearnone
    -------------------------------------------------------------------------
DATA16_ID
  Relative segment, address: 4564 - 4574 (0x11 bytes), align: 0
  Segment part 79.            Intra module refs:   tablearntwo
    -------------------------------------------------------------------------
DATA16_ID
  Relative segment, address: 4575 - 4585 (0x11 bytes), align: 0
  Segment part 81.            Intra module refs:   tablearnthree
    -------------------------------------------------------------------------
DATA16_ID
  Relative segment, address: 4586 - 4596 (0x11 bytes), align: 0
  Segment part 83.            Intra module refs:   tablearnfour
    -------------------------------------------------------------------------
DATA16_ID
  Relative segment, address: 4597 - 45A7 (0x11 bytes), align: 0
  Segment part 85.            Intra module refs:   tablearnfive
    -------------------------------------------------------------------------
DATA16_ID
  Relative segment, address: 45A8 - 45B8 (0x11 bytes), align: 0
  Segment part 87.            Intra module refs:   tabledata
    -------------------------------------------------------------------------
DATA16_ID
  Relative segment, address: 45B9 - 45C1 (0x9 bytes), align: 0
  Segment part 89.            Intra module refs:   welcome0
    -------------------------------------------------------------------------
DATA16_ID
  Relative segment, address: 45C2 - 45CE (0xd bytes), align: 0
  Segment part 91.            Intra module refs:   welcome1

    *************************************************************************

  FILE NAME : D:\Program Files (x86)\IAR Systems\Embedded Workbench 8.0\430\lib\dlib\dl430xlsfn.r43
  LIBRARY MODULE, NAME : ?__dbg_break

  SEGMENTS IN THE MODULE
  ======================
<CODE> 1 (was CODE)
  Relative segment, address: 5B60 - 5B61 (0x2 bytes), align: 1
  Segment part 2.
           ENTRY                   ADDRESS         REF BY
           =====                   =======         ======
           __DebugBreak            5B60            __exit (?__exit)

    -------------------------------------------------------------------------
  LIBRARY MODULE, NAME : ?__exit

  SEGMENTS IN THE MODULE
  ======================
<CODE> 1 (was CODE)
  Relative segment, address: 5B00 - 5B13 (0x14 bytes), align: 1
  Segment part 2.
           ENTRY                   ADDRESS         REF BY
           =====                   =======         ======
           __exit                  5B00            Segment part 6 (?_exit)
                                                   _exit (?_exit)
               calls direct

    -------------------------------------------------------------------------
  LIBRARY MODULE, NAME : ?_exit

  SEGMENTS IN THE MODULE
  ======================
<CODE> 1 (was CODE)
  Relative segment, address: 5B54, align: 1
  Segment part 0.
           ENTRY                   ADDRESS         REF BY
           =====                   =======         ======
           _exit                   5B54            exit (?exit)
    -------------------------------------------------------------------------
<CODE> 1 (was CODE)
  Relative segment, address: 5B54 - 5B57 (0x4 bytes), align: 1
  Segment part 6.             Intra module refs:   _exit

    -------------------------------------------------------------------------
  LIBRARY MODULE, NAME : ?cstart

  SEGMENTS IN THE MODULE
  ======================
CSTACK
  Relative segment, address: 4360, align: 1
  Segment part 1.
    -------------------------------------------------------------------------
DATA16_Z
  Relative segment, address: 25FC, align: 1
  Segment part 2.
    -------------------------------------------------------------------------
DATA16_I
  Relative segment, address: 2400, align: 1
  Segment part 3.
    -------------------------------------------------------------------------
DATA16_ID
  Relative segment, address: 4410, align: 1
  Segment part 4.
    -------------------------------------------------------------------------
CODE_I
  Relative segment, address: 265E, align: 1
  Segment part 5.
    -------------------------------------------------------------------------
CODE_ID
  Relative segment, address: 5B62, align: 1
  Segment part 6.
    -------------------------------------------------------------------------
DATA20_Z
  Relative segment, address: 265E, align: 1
  Segment part 7.
    -------------------------------------------------------------------------
DATA20_I
  Relative segment, address: 265E, align: 1
  Segment part 8.
    -------------------------------------------------------------------------
DATA20_ID
  Relative segment, address: 5B62, align: 1
  Segment part 9.
    -------------------------------------------------------------------------
DATA20_C
  Relative segment, address: 5B62, align: 1
  Segment part 10.
    -------------------------------------------------------------------------
DATA20_N
  Relative segment, address: 265E, align: 1
  Segment part 12.
    -------------------------------------------------------------------------
CSTART
  Relative segment, address: 45D0 - 45D3 (0x4 bytes), align: 1
  Segment part 15.
           ENTRY                   ADDRESS         REF BY
           =====                   =======         ======
           __program_start         45D0            ?reset_vector (?reset_vector)
                                                   Absolute parts (?ABS_ENTRY_MOD)
           ?cstart_begin           45D0 
    -------------------------------------------------------------------------
CSTART
  Relative segment, address: 45D4 - 45DF (0xc bytes), align: 1
  Segment part 20.
           ENTRY                   ADDRESS         REF BY
           =====                   =======         ======
           ?cstart_init_zero       45D4            P11num (main)
                                                   P11num1 (main)
                                                   UART_InLen (bsp_uart)
                                                   UART_OutLen (bsp_uart)
                                                   UART_RXBUF (bsp_uart)
                                                   UART_RXIndexW (bsp_uart)
                                                   UART_SR (bsp_uart)
                                                   UART_TXBUF (bsp_uart)
                                                   UART_TXIndexR (bsp_uart)
                                                   UART_TXIndexW (bsp_uart)
                                                   bu (main)
                                                   five (main)
                                                   four (main)
                                                   jiandao (main)
                                                   kong (main)
                                                   kongstate (main)
                                                   mode (main)
                                                   one (main)
                                                   pFlash (main)
                                                   shitou (main)
                                                   spkbu (main)
                                                   spkfive (main)
                                                   spkfour (main)
                                                   spkjiandao (main)
                                                   spkone (main)
                                                   spkshitou (main)
                                                   spkthree (main)
                                                   spktwo (main)
                                                   tem (main)
                                                   temp (main)
                                                   temp1 (main)
                                                   temp2 (main)
                                                   tempand (main)
                                                   three (main)
                                                   two (main)
    -------------------------------------------------------------------------
CSTART
  Relative segment, address: 45E0 - 45EF (0x10 bytes), align: 1
  Segment part 21.
           ENTRY                   ADDRESS         REF BY
           =====                   =======         ======
           ?cstart_init_copy       45E0            tab2 (main)
                                                   tab3 (main)
                                                   tab4 (main)
                                                   taba (main)
                                                   tabb (main)
                                                   tabbu (main)
                                                   tabc (main)
                                                   tabd (main)
                                                   tabend (main)
                                                   tabend1 (main)
                                                   tabfive (main)
                                                   tabfour (main)
                                                   tabinit (main)
                                                   tabjiandao (main)
                                                   tabkong (main)
                                                   tablearnfive (main)
                                                   tablearnfour (main)
                                                   tablearnone (main)
                                                   tablearnthree (main)
                                                   tablearntwo (main)
                                                   tabledata (main)
                                                   tabone (main)
                                                   tabshitou (main)
                                                   tabthree (main)
                                                   tabtwo (main)
                                                   welcome0 (main)
                                                   welcome1 (main)
    -------------------------------------------------------------------------
CSTART
  Relative segment, address: 45F0 - 45F7 (0x8 bytes), align: 1
  Segment part 27.            Intra module refs:   Segment part 15
           ENTRY                   ADDRESS         REF BY
           =====                   =======         ======
           ?cstart_call_main       45F0 
           ?cstart_end             45F8 
    -------------------------------------------------------------------------
CODE_ID
  Relative segment, address: 5B62, align: 1
  Segment part 28.            Intra module refs:   Segment part 5

    -------------------------------------------------------------------------
  LIBRARY MODULE, NAME : ?reset_vector

  SEGMENTS IN THE MODULE
  ======================
RESET
  Relative segment, address: FFFE - FFFF (0x2 bytes), align: 1
  Segment part 0.
           ENTRY                   ADDRESS         REF BY
           =====                   =======         ======
           ?reset_vector           FFFE            Segment part 15 (?cstart)

    -------------------------------------------------------------------------
  LIBRARY MODULE, NAME : ?exit

  SEGMENTS IN THE MODULE
  ======================
<CODE> 1 (was CODE)
  Relative segment, address: 5B5C - 5B5F (0x4 bytes), align: 1
  Segment part 2.
           ENTRY                   ADDRESS         REF BY
           =====                   =======         ======
           exit                    5B5C            Segment part 27 (?cstart)
               calls direct

    -------------------------------------------------------------------------
  LIBRARY MODULE, NAME : ?DivMod816u

  SEGMENTS IN THE MODULE
  ======================
<CODE> 1 (was CODE)
  Relative segment, address: 5AE8 - 5AFF (0x18 bytes), align: 1
  Segment part 1.
           ENTRY                   ADDRESS         REF BY
           =====                   =======         ======
           ?DivMod16u              5AE8            ?DivMod16s (?DivMod816s)

    -------------------------------------------------------------------------
  LIBRARY MODULE, NAME : ?DivMod816s

  SEGMENTS IN THE MODULE
  ======================
<CODE> 1 (was CODE)
  Relative segment, address: 5946 - 5975 (0x30 bytes), align: 1
  Segment part 1.
           ENTRY                   ADDRESS         REF BY
           =====                   =======         ======
           ?DivMod16s              5946            TIMER0_A0_ISR (main)

    -------------------------------------------------------------------------
  LIBRARY MODULE, NAME : ?DivMod32u

  SEGMENTS IN THE MODULE
  ======================
<CODE> 1 (was CODE)
  Relative segment, address: 5916 - 5945 (0x30 bytes), align: 1
  Segment part 0.
           ENTRY                   ADDRESS         REF BY
           =====                   =======         ======
           ?DivMod32u              5916            ?DivMod32s (?DivMod32s)
                                                   UART_Init (bsp_uart)
                                                   main (main)

    -------------------------------------------------------------------------
  LIBRARY MODULE, NAME : ?DivMod32s

  SEGMENTS IN THE MODULE
  ======================
<CODE> 1 (was CODE)
  Relative segment, address: 5864 - 58A3 (0x40 bytes), align: 1
  Segment part 0.
           ENTRY                   ADDRESS         REF BY
           =====                   =======         ======
           ?DivMod32s              5864            UART_Init (bsp_uart)

    -------------------------------------------------------------------------
  LIBRARY MODULE, NAME : ?memcpy

  SEGMENTS IN THE MODULE
  ======================
<CODE> 1 (was CODE)
  Relative segment, address: 5B14 - 5B25 (0x12 bytes), align: 1
  Segment part 2.
           ENTRY                   ADDRESS         REF BY
           =====                   =======         ======
           memcpy                  5B14            __data16_memcpy (?memzero)

    -------------------------------------------------------------------------
  LIBRARY MODULE, NAME : ?memzero

  SEGMENTS IN THE MODULE
  ======================
<CODE> 1 (was CODE)
  Relative segment, address: 5B36 - 5B45 (0x10 bytes), align: 1
  Segment part 2.
           ENTRY                   ADDRESS         REF BY
           =====                   =======         ======
           __data16_memzero        5B36            ?cstart_init_zero (?cstart)
    -------------------------------------------------------------------------
<CODE> 1 (was CODE)
  Relative segment, address: 5B58 - 5B5B (0x4 bytes), align: 1
  Segment part 3.
           ENTRY                   ADDRESS         REF BY
           =====                   =======         ======
           __data16_memcpy         5B58            ?cstart_init_copy (?cstart)
               calls direct




                ****************************************
                *                                      *
                *      SEGMENTS IN ADDRESS ORDER       *
                *                                      *
                ****************************************


SEGMENT              SPACE    START ADDRESS   END ADDRESS     SIZE  TYPE  ALIGN
=======              =====    =============   ===========     ====  ====  =====
DATA16_AN                              0102 - 0103               2   rel    0
                                       0140 - 0141               2 
                                       0144 - 0145               2 
                                       015C - 015D               2 
                                       0160 - 0169               A 
                                       016C - 016F               4 
                                       0202 - 0207               6 
                                       0218 - 021D               6 
                                       0220 - 0225               6 
                                       022A - 022B               2 
                                       024A - 024B               2 
                                       0340 - 0341               2 
                                       0350 - 0351               2 
                                       036E - 036F               2 
                                       0600 - 0601               2 
                                       0606 - 0608               3 
                                       060C - 060C               1 
                                       060E - 060E               1 
                                       061C - 061F               4 
DATA16_I                               2400 - 25BE             1BF   rel    1
DATA16_Z                               25C0 - 265D              9E   rel    1
DATA20_N                                  265E                       rel    1
DATA20_Z                                  265E                       rel    1
CODE_I                                    265E                       rel    1
DATA20_I                                  265E                       rel    1
CSTACK                                 4360 - 43FF              A0   rel    1
DATA16_C                               4400 - 440F              10   rel    1
DATA16_ID                              4410 - 45CE             1BF   rel    1
CSTART                                 45D0 - 45F7              28   rel    1
ISR_CODE                               45F8 - 5327             D30   rel    1
<CODE> 1                               5328 - 5B61             83A   rel    1
DATA20_ID                                 5B62                       rel    1
CODE_ID                                   5B62                       rel    1
DATA20_C                                  5B62                       rel    1
INTVEC                                 FF80 - FFE9              6A   com    1
RESET                                  FFFE - FFFF               2   rel    1

                ****************************************
                *                                      *
                *        END OF CROSS REFERENCE        *
                *                                      *
                ****************************************

 5 630 bytes of CODE  memory
   765 bytes of DATA  memory (+ 61 absolute )
   463 bytes of CONST memory

Errors: none
Warnings: none

